../Core/Src/main.c:92:5:main	8	static
../Core/Src/main.c:143:6:SystemClock_Config	88	static
../Core/Src/main.c:190:13:MX_I2C1_Init	8	static
../Core/Src/main.c:238:13:MX_LPUART1_UART_Init	8	static
../Core/Src/main.c:285:13:MX_SPI3_Init	8	static
../Core/Src/main.c:323:13:MX_DMA_Init	16	static
../Core/Src/main.c:345:13:MX_GPIO_Init	48	static
../Core/Src/main.c:397:6:MCP4922_SendData	24	static
../Core/Src/main.c:421:6:EEPROMWriteExample	16	static
../Core/Src/main.c:430:6:EEPROMReadExample	24	static
../Core/Src/main.c:444:6:Error_Handler	4	static,ignoring_inline_asm
