../Core/Src/main.c:97:5:main	80	static
../Core/Src/main.c:176:6:SystemClock_Config	88	static
../Core/Src/main.c:223:13:MX_FDCAN1_Init	8	static
../Core/Src/main.c:266:13:MX_I2C1_Init	8	static
../Core/Src/main.c:314:13:MX_LPUART1_UART_Init	8	static
../Core/Src/main.c:361:13:MX_SPI3_Init	8	static
../Core/Src/main.c:399:13:MX_DMA_Init	16	static
../Core/Src/main.c:421:13:MX_GPIO_Init	48	static
../Core/Src/main.c:473:6:MCP4922_SendData	24	static
../Core/Src/main.c:497:6:EEPROMWriteExample	16	static
../Core/Src/main.c:506:6:EEPROMReadExample	24	static
../Core/Src/main.c:520:6:Error_Handler	4	static,ignoring_inline_asm
